Analysis & Synthesis report for Calculator
Fri Dec  6 00:37:56 2024
Quartus Prime Version 23.1std.1 Build 993 05/14/2024 SC Lite Edition


---------------------
; Table of Contents ;
---------------------
  1. Legal Notice
  2. Analysis & Synthesis Summary
  3. Analysis & Synthesis Settings
  4. Parallel Compilation
  5. Analysis & Synthesis Source Files Read
  6. Analysis & Synthesis Resource Usage Summary
  7. Analysis & Synthesis Resource Utilization by Entity
  8. State Machine - |SystemMap|StateManager:SM|y
  9. User-Specified and Inferred Latches
 10. General Register Statistics
 11. Multiplexer Restructuring Statistics (Restructuring Performed)
 12. Parameter Settings for User Entity Instance: PreScale:PS
 13. Port Connectivity Checks: "StateManager:SM|BitToHex:BH|SegDecoder:SD2"
 14. Post-Synthesis Netlist Statistics for Top Partition
 15. Elapsed Time Per Partition
 16. Analysis & Synthesis Messages



----------------
; Legal Notice ;
----------------
Copyright (C) 2024  Intel Corporation. All rights reserved.
Your use of Intel Corporation's design tools, logic functions 
and other software and tools, and any partner logic 
functions, and any output files from any of the foregoing 
(including device programming or simulation files), and any 
associated documentation or information are expressly subject 
to the terms and conditions of the Intel Program License 
Subscription Agreement, the Intel Quartus Prime License Agreement,
the Intel FPGA IP License Agreement, or other applicable license
agreement, including, without limitation, that your use is for
the sole purpose of programming logic devices manufactured by
Intel and sold by Intel or its authorized distributors.  Please
refer to the applicable agreement for further details, at
https://fpgasoftware.intel.com/eula.



+----------------------------------------------------------------------------------+
; Analysis & Synthesis Summary                                                     ;
+---------------------------------+------------------------------------------------+
; Analysis & Synthesis Status     ; Successful - Fri Dec  6 00:37:56 2024          ;
; Quartus Prime Version           ; 23.1std.1 Build 993 05/14/2024 SC Lite Edition ;
; Revision Name                   ; Calculator                                     ;
; Top-level Entity Name           ; SystemMap                                      ;
; Family                          ; Cyclone V                                      ;
; Logic utilization (in ALMs)     ; N/A                                            ;
; Total registers                 ; 40                                             ;
; Total pins                      ; 67                                             ;
; Total virtual pins              ; 0                                              ;
; Total block memory bits         ; 0                                              ;
; Total DSP Blocks                ; 0                                              ;
; Total HSSI RX PCSs              ; 0                                              ;
; Total HSSI PMA RX Deserializers ; 0                                              ;
; Total HSSI TX PCSs              ; 0                                              ;
; Total HSSI PMA TX Serializers   ; 0                                              ;
; Total PLLs                      ; 0                                              ;
; Total DLLs                      ; 0                                              ;
+---------------------------------+------------------------------------------------+


+---------------------------------------------------------------------------------------------------------------------------+
; Analysis & Synthesis Settings                                                                                             ;
+---------------------------------------------------------------------------------+--------------------+--------------------+
; Option                                                                          ; Setting            ; Default Value      ;
+---------------------------------------------------------------------------------+--------------------+--------------------+
; Device                                                                          ; 5CSXFC6D6F31C6     ;                    ;
; Top-level entity name                                                           ; SystemMap          ; Calculator         ;
; Family name                                                                     ; Cyclone V          ; Cyclone V          ;
; Use smart compilation                                                           ; Off                ; Off                ;
; Enable parallel Assembler and Timing Analyzer during compilation                ; On                 ; On                 ;
; Enable compact report table                                                     ; Off                ; Off                ;
; Restructure Multiplexers                                                        ; Auto               ; Auto               ;
; MLAB Add Timing Constraints For Mixed-Port Feed-Through Mode Setting Don't Care ; Off                ; Off                ;
; Create Debugging Nodes for IP Cores                                             ; Off                ; Off                ;
; Preserve fewer node names                                                       ; On                 ; On                 ;
; Intel FPGA IP Evaluation Mode                                                   ; Enable             ; Enable             ;
; Verilog Version                                                                 ; Verilog_2001       ; Verilog_2001       ;
; VHDL Version                                                                    ; VHDL_1993          ; VHDL_1993          ;
; State Machine Processing                                                        ; Auto               ; Auto               ;
; Safe State Machine                                                              ; Off                ; Off                ;
; Extract Verilog State Machines                                                  ; On                 ; On                 ;
; Extract VHDL State Machines                                                     ; On                 ; On                 ;
; Ignore Verilog initial constructs                                               ; Off                ; Off                ;
; Iteration limit for constant Verilog loops                                      ; 5000               ; 5000               ;
; Iteration limit for non-constant Verilog loops                                  ; 250                ; 250                ;
; Add Pass-Through Logic to Inferred RAMs                                         ; On                 ; On                 ;
; Infer RAMs from Raw Logic                                                       ; On                 ; On                 ;
; Parallel Synthesis                                                              ; On                 ; On                 ;
; DSP Block Balancing                                                             ; Auto               ; Auto               ;
; NOT Gate Push-Back                                                              ; On                 ; On                 ;
; Power-Up Don't Care                                                             ; On                 ; On                 ;
; Remove Redundant Logic Cells                                                    ; Off                ; Off                ;
; Remove Duplicate Registers                                                      ; On                 ; On                 ;
; Ignore CARRY Buffers                                                            ; Off                ; Off                ;
; Ignore CASCADE Buffers                                                          ; Off                ; Off                ;
; Ignore GLOBAL Buffers                                                           ; Off                ; Off                ;
; Ignore ROW GLOBAL Buffers                                                       ; Off                ; Off                ;
; Ignore LCELL Buffers                                                            ; Off                ; Off                ;
; Ignore SOFT Buffers                                                             ; On                 ; On                 ;
; Limit AHDL Integers to 32 Bits                                                  ; Off                ; Off                ;
; Optimization Technique                                                          ; Balanced           ; Balanced           ;
; Carry Chain Length                                                              ; 70                 ; 70                 ;
; Auto Carry Chains                                                               ; On                 ; On                 ;
; Auto Open-Drain Pins                                                            ; On                 ; On                 ;
; Perform WYSIWYG Primitive Resynthesis                                           ; Off                ; Off                ;
; Auto ROM Replacement                                                            ; On                 ; On                 ;
; Auto RAM Replacement                                                            ; On                 ; On                 ;
; Auto DSP Block Replacement                                                      ; On                 ; On                 ;
; Auto Shift Register Replacement                                                 ; Auto               ; Auto               ;
; Allow Shift Register Merging across Hierarchies                                 ; Auto               ; Auto               ;
; Auto Clock Enable Replacement                                                   ; On                 ; On                 ;
; Strict RAM Replacement                                                          ; Off                ; Off                ;
; Allow Synchronous Control Signals                                               ; On                 ; On                 ;
; Force Use of Synchronous Clear Signals                                          ; Off                ; Off                ;
; Auto Resource Sharing                                                           ; Off                ; Off                ;
; Allow Any RAM Size For Recognition                                              ; Off                ; Off                ;
; Allow Any ROM Size For Recognition                                              ; Off                ; Off                ;
; Allow Any Shift Register Size For Recognition                                   ; Off                ; Off                ;
; Use LogicLock Constraints during Resource Balancing                             ; On                 ; On                 ;
; Ignore translate_off and synthesis_off directives                               ; Off                ; Off                ;
; Timing-Driven Synthesis                                                         ; On                 ; On                 ;
; Report Parameter Settings                                                       ; On                 ; On                 ;
; Report Source Assignments                                                       ; On                 ; On                 ;
; Report Connectivity Checks                                                      ; On                 ; On                 ;
; Ignore Maximum Fan-Out Assignments                                              ; Off                ; Off                ;
; Synchronization Register Chain Length                                           ; 3                  ; 3                  ;
; Power Optimization During Synthesis                                             ; Normal compilation ; Normal compilation ;
; HDL message level                                                               ; Level2             ; Level2             ;
; Suppress Register Optimization Related Messages                                 ; Off                ; Off                ;
; Number of Removed Registers Reported in Synthesis Report                        ; 5000               ; 5000               ;
; Number of Swept Nodes Reported in Synthesis Report                              ; 5000               ; 5000               ;
; Number of Inverted Registers Reported in Synthesis Report                       ; 100                ; 100                ;
; Clock MUX Protection                                                            ; On                 ; On                 ;
; Auto Gated Clock Conversion                                                     ; Off                ; Off                ;
; Block Design Naming                                                             ; Auto               ; Auto               ;
; SDC constraint protection                                                       ; Off                ; Off                ;
; Synthesis Effort                                                                ; Auto               ; Auto               ;
; Shift Register Replacement - Allow Asynchronous Clear Signal                    ; On                 ; On                 ;
; Pre-Mapping Resynthesis Optimization                                            ; Off                ; Off                ;
; Analysis & Synthesis Message Level                                              ; Medium             ; Medium             ;
; Disable Register Merging Across Hierarchies                                     ; Auto               ; Auto               ;
; Resource Aware Inference For Block RAM                                          ; On                 ; On                 ;
; Automatic Parallel Synthesis                                                    ; On                 ; On                 ;
; Partial Reconfiguration Bitstream ID                                            ; Off                ; Off                ;
+---------------------------------------------------------------------------------+--------------------+--------------------+


+------------------------------------------+
; Parallel Compilation                     ;
+----------------------------+-------------+
; Processors                 ; Number      ;
+----------------------------+-------------+
; Number detected on machine ; 16          ;
; Maximum allowed            ; 8           ;
;                            ;             ;
; Average used               ; 1.00        ;
; Maximum used               ; 8           ;
;                            ;             ;
; Usage by Processor         ; % Time Used ;
;     Processor 1            ; 100.0%      ;
;     Processors 2-8         ;   0.0%      ;
+----------------------------+-------------+


+----------------------------------------------------------------------------------------------------------------------------------------------------------------------------------------+
; Analysis & Synthesis Source Files Read                                                                                                                                                 ;
+----------------------------------+-----------------+-----------------+-------------------------------------------------------------------------------------------------------+---------+
; File Name with User-Entered Path ; Used in Netlist ; File Type       ; File Name with Absolute Path                                                                          ; Library ;
+----------------------------------+-----------------+-----------------+-------------------------------------------------------------------------------------------------------+---------+
; OpDecoder.vhd                    ; yes             ; User VHDL File  ; C:/Users/thean/Downloads/Obsidian Files/Fall 2024/ENSC 252/Bonus Project/OpDecoder.vhd                ;         ;
; SegDecoder.vhd                   ; yes             ; User VHDL File  ; C:/Users/thean/Downloads/Obsidian Files/Fall 2024/ENSC 252/Bonus Project/SegDecoder.vhd               ;         ;
; PreScale.vhd                     ; yes             ; User VHDL File  ; C:/Users/thean/Downloads/Obsidian Files/Fall 2024/ENSC 252/Bonus Project/PreScale.vhd                 ;         ;
; SystemMap.vhd                    ; yes             ; User VHDL File  ; C:/Users/thean/Downloads/Obsidian Files/Fall 2024/ENSC 252/Bonus Project/SystemMap.vhd                ;         ;
; StateManager.vhd                 ; yes             ; User VHDL File  ; C:/Users/thean/Downloads/Obsidian Files/Fall 2024/ENSC 252/Bonus Project/StateManager.vhd             ;         ;
; BitToHex.vhd                     ; yes             ; User VHDL File  ; C:/Users/thean/Downloads/Obsidian Files/Fall 2024/ENSC 252/Bonus Project/BitToHex.vhd                 ;         ;
; FpDecoder.vhd                    ; yes             ; User VHDL File  ; C:/Users/thean/Downloads/Obsidian Files/Fall 2024/ENSC 252/Bonus Project/FpDecoder.vhd                ;         ;
; output_files/SignDecoder.vhd     ; yes             ; User VHDL File  ; C:/Users/thean/Downloads/Obsidian Files/Fall 2024/ENSC 252/Bonus Project/output_files/SignDecoder.vhd ;         ;
+----------------------------------+-----------------+-----------------+-------------------------------------------------------------------------------------------------------+---------+


+--------------------------------------------------------------------+
; Analysis & Synthesis Resource Usage Summary                        ;
+---------------------------------------------+----------------------+
; Resource                                    ; Usage                ;
+---------------------------------------------+----------------------+
; Estimate of Logic utilization (ALMs needed) ; 65                   ;
;                                             ;                      ;
; Combinational ALUT usage for logic          ; 118                  ;
;     -- 7 input functions                    ; 0                    ;
;     -- 6 input functions                    ; 12                   ;
;     -- 5 input functions                    ; 11                   ;
;     -- 4 input functions                    ; 15                   ;
;     -- <=3 input functions                  ; 80                   ;
;                                             ;                      ;
; Dedicated logic registers                   ; 40                   ;
;                                             ;                      ;
; I/O pins                                    ; 67                   ;
;                                             ;                      ;
; Total DSP Blocks                            ; 0                    ;
;                                             ;                      ;
; Maximum fan-out node                        ; StateManager:SM|y.sB ;
; Maximum fan-out                             ; 42                   ;
; Total fan-out                               ; 629                  ;
; Average fan-out                             ; 2.15                 ;
+---------------------------------------------+----------------------+


+---------------------------------------------------------------------------------------------------------------------------------------------------------------------------------------------------------------------------+
; Analysis & Synthesis Resource Utilization by Entity                                                                                                                                                                       ;
+----------------------------+---------------------+---------------------------+-------------------+------------+------+--------------+-------------------------------------------------------+--------------+--------------+
; Compilation Hierarchy Node ; Combinational ALUTs ; Dedicated Logic Registers ; Block Memory Bits ; DSP Blocks ; Pins ; Virtual Pins ; Full Hierarchy Name                                   ; Entity Name  ; Library Name ;
+----------------------------+---------------------+---------------------------+-------------------+------------+------+--------------+-------------------------------------------------------+--------------+--------------+
; |SystemMap                 ; 118 (0)             ; 40 (0)                    ; 0                 ; 0          ; 67   ; 0            ; |SystemMap                                            ; SystemMap    ; work         ;
;    |PreScale:PS|           ; 29 (29)             ; 24 (24)                   ; 0                 ; 0          ; 0    ; 0            ; |SystemMap|PreScale:PS                                ; PreScale     ; work         ;
;    |StateManager:SM|       ; 89 (82)             ; 16 (16)                   ; 0                 ; 0          ; 0    ; 0            ; |SystemMap|StateManager:SM                            ; StateManager ; work         ;
;       |BitToHex:BH|        ; 7 (0)               ; 0 (0)                     ; 0                 ; 0          ; 0    ; 0            ; |SystemMap|StateManager:SM|BitToHex:BH                ; BitToHex     ; work         ;
;          |SegDecoder:SD1|  ; 7 (7)               ; 0 (0)                     ; 0                 ; 0          ; 0    ; 0            ; |SystemMap|StateManager:SM|BitToHex:BH|SegDecoder:SD1 ; SegDecoder   ; work         ;
+----------------------------+---------------------+---------------------------+-------------------+------------+------+--------------+-------------------------------------------------------+--------------+--------------+
Note: For table entries with two numbers listed, the numbers in parentheses indicate the number of resources of the given type used by the specific entity alone. The numbers listed outside of parentheses indicate the total resources of the given type used by the specific entity and all of its sub-entities in the hierarchy.


Encoding Type:  One-Hot
+----------------------------------------------+
; State Machine - |SystemMap|StateManager:SM|y ;
+------+------+------+------+------+-----------+
; Name ; y.sE ; y.sD ; y.sC ; y.sB ; y.sA      ;
+------+------+------+------+------+-----------+
; y.sA ; 0    ; 0    ; 0    ; 0    ; 0         ;
; y.sB ; 0    ; 0    ; 0    ; 1    ; 1         ;
; y.sC ; 0    ; 0    ; 1    ; 0    ; 1         ;
; y.sD ; 0    ; 1    ; 0    ; 0    ; 1         ;
; y.sE ; 1    ; 0    ; 0    ; 0    ; 1         ;
+------+------+------+------+------+-----------+


+-------------------------------------------------------------------------------------------------------------+
; User-Specified and Inferred Latches                                                                         ;
+-----------------------------------------------------+------------------------------+------------------------+
; Latch Name                                          ; Latch Enable Signal          ; Free of Timing Hazards ;
+-----------------------------------------------------+------------------------------+------------------------+
; StateManager:SM|secondFloating[0]                   ; StateManager:SM|secondSign   ; yes                    ;
; StateManager:SM|firstFloating[0]                    ; StateManager:SM|firstSign    ; yes                    ;
; StateManager:SM|operation[1]                        ; StateManager:SM|operation[0] ; yes                    ;
; StateManager:SM|operation[0]                        ; StateManager:SM|operation[0] ; yes                    ;
; StateManager:SM|secondFloating[1]                   ; StateManager:SM|secondSign   ; yes                    ;
; StateManager:SM|firstFloating[1]                    ; StateManager:SM|firstSign    ; yes                    ;
; StateManager:SM|secondWhole[0]                      ; StateManager:SM|secondSign   ; yes                    ;
; StateManager:SM|firstWhole[0]                       ; StateManager:SM|firstSign    ; yes                    ;
; StateManager:SM|secondWhole[1]                      ; StateManager:SM|secondSign   ; yes                    ;
; StateManager:SM|firstWhole[1]                       ; StateManager:SM|firstSign    ; yes                    ;
; StateManager:SM|secondWhole[2]                      ; StateManager:SM|secondSign   ; yes                    ;
; StateManager:SM|firstWhole[2]                       ; StateManager:SM|firstSign    ; yes                    ;
; StateManager:SM|secondWhole[3]                      ; StateManager:SM|secondSign   ; yes                    ;
; StateManager:SM|firstWhole[3]                       ; StateManager:SM|firstSign    ; yes                    ;
; StateManager:SM|secondWhole[4]                      ; StateManager:SM|secondSign   ; yes                    ;
; StateManager:SM|firstWhole[4]                       ; StateManager:SM|firstSign    ; yes                    ;
; StateManager:SM|secondSign                          ; StateManager:SM|secondSign   ; yes                    ;
; StateManager:SM|firstSign                           ; StateManager:SM|firstSign    ; yes                    ;
; Number of user-specified and inferred latches = 18  ;                              ;                        ;
+-----------------------------------------------------+------------------------------+------------------------+
Note: All latches listed above may not be present at the end of synthesis due to various synthesis optimizations.


+------------------------------------------------------+
; General Register Statistics                          ;
+----------------------------------------------+-------+
; Statistic                                    ; Value ;
+----------------------------------------------+-------+
; Total registers                              ; 40    ;
; Number of registers using Synchronous Clear  ; 32    ;
; Number of registers using Synchronous Load   ; 0     ;
; Number of registers using Asynchronous Clear ; 5     ;
; Number of registers using Asynchronous Load  ; 0     ;
; Number of registers using Clock Enable       ; 11    ;
; Number of registers using Preset             ; 0     ;
+----------------------------------------------+-------+


+---------------------------------------------------------------------------------------------------------------------------------------------------------+
; Multiplexer Restructuring Statistics (Restructuring Performed)                                                                                          ;
+--------------------+-----------+---------------+----------------------+------------------------+------------+-------------------------------------------+
; Multiplexer Inputs ; Bus Width ; Baseline Area ; Area if Restructured ; Saving if Restructured ; Registered ; Example Multiplexer Output                ;
+--------------------+-----------+---------------+----------------------+------------------------+------------+-------------------------------------------+
; 3:1                ; 8 bits    ; 16 LEs        ; 8 LEs                ; 8 LEs                  ; Yes        ; |SystemMap|StateManager:SM|fpSequence[0]  ;
; 3:1                ; 8 bits    ; 16 LEs        ; 16 LEs               ; 0 LEs                  ; No         ; |SystemMap|StateManager:SM|firstWhole[3]  ;
; 4:1                ; 8 bits    ; 16 LEs        ; 16 LEs               ; 0 LEs                  ; No         ; |SystemMap|StateManager:SM|secondWhole[4] ;
; 4:1                ; 3 bits    ; 6 LEs         ; 6 LEs                ; 0 LEs                  ; No         ; |SystemMap|StateManager:SM|seg1           ;
; 4:1                ; 3 bits    ; 6 LEs         ; 6 LEs                ; 0 LEs                  ; No         ; |SystemMap|StateManager:SM|seg3[3]        ;
; 5:1                ; 2 bits    ; 6 LEs         ; 6 LEs                ; 0 LEs                  ; No         ; |SystemMap|StateManager:SM|operation[1]   ;
+--------------------+-----------+---------------+----------------------+------------------------+------------+-------------------------------------------+


+----------------------------------------------------------+
; Parameter Settings for User Entity Instance: PreScale:PS ;
+----------------+-------+---------------------------------+
; Parameter Name ; Value ; Type                            ;
+----------------+-------+---------------------------------+
; n              ; 23    ; Signed Integer                  ;
+----------------+-------+---------------------------------+
Note: In order to hide this table in the UI and the text report file, please set the "Show Parameter Settings in Synthesis Report" option in "Analysis and Synthesis Settings -> More Settings" to "Off".


+------------------------------------------------------------------------+
; Port Connectivity Checks: "StateManager:SM|BitToHex:BH|SegDecoder:SD2" ;
+---------+-------+----------+-------------------------------------------+
; Port    ; Type  ; Severity ; Details                                   ;
+---------+-------+----------+-------------------------------------------+
; d[3..1] ; Input ; Info     ; Stuck at GND                              ;
+---------+-------+----------+-------------------------------------------+


+-----------------------------------------------------+
; Post-Synthesis Netlist Statistics for Top Partition ;
+-----------------------+-----------------------------+
; Type                  ; Count                       ;
+-----------------------+-----------------------------+
; arriav_ff             ; 40                          ;
;     CLR               ; 5                           ;
;     ENA               ; 3                           ;
;     ENA SCLR          ; 8                           ;
;     SCLR              ; 24                          ;
; arriav_lcell_comb     ; 125                         ;
;     arith             ; 24                          ;
;         1 data inputs ; 24                          ;
;     normal            ; 101                         ;
;         0 data inputs ; 2                           ;
;         1 data inputs ; 5                           ;
;         2 data inputs ; 5                           ;
;         3 data inputs ; 51                          ;
;         4 data inputs ; 15                          ;
;         5 data inputs ; 11                          ;
;         6 data inputs ; 12                          ;
; boundary_port         ; 67                          ;
;                       ;                             ;
; Max LUT depth         ; 3.30                        ;
; Average LUT depth     ; 2.02                        ;
+-----------------------+-----------------------------+


+-------------------------------+
; Elapsed Time Per Partition    ;
+----------------+--------------+
; Partition Name ; Elapsed Time ;
+----------------+--------------+
; Top            ; 00:00:00     ;
+----------------+--------------+


+-------------------------------+
; Analysis & Synthesis Messages ;
+-------------------------------+
Info: *******************************************************************
Info: Running Quartus Prime Analysis & Synthesis
    Info: Version 23.1std.1 Build 993 05/14/2024 SC Lite Edition
    Info: Processing started: Fri Dec  6 00:37:49 2024
Info: Command: quartus_map --read_settings_files=on --write_settings_files=off Calculator -c Calculator
Warning (18236): Number of processors has not been specified which may cause overloading on shared machines.  Set the global assignment NUM_PARALLEL_PROCESSORS in your QSF to an appropriate value for best performance.
Info (20030): Parallel compilation is enabled and will use 8 of the 8 processors detected
Info (12021): Found 2 design units, including 1 entities, in source file opdecoder.vhd
    Info (12022): Found design unit 1: OpDecoder-OpDecoderLogic File: C:/Users/thean/Downloads/Obsidian Files/Fall 2024/ENSC 252/Bonus Project/OpDecoder.vhd Line: 13
    Info (12023): Found entity 1: OpDecoder File: C:/Users/thean/Downloads/Obsidian Files/Fall 2024/ENSC 252/Bonus Project/OpDecoder.vhd Line: 4
Info (12021): Found 2 design units, including 1 entities, in source file segdecoder.vhd
    Info (12022): Found design unit 1: SegDecoder-SegDecoderLogic File: C:/Users/thean/Downloads/Obsidian Files/Fall 2024/ENSC 252/Bonus Project/SegDecoder.vhd Line: 9
    Info (12023): Found entity 1: SegDecoder File: C:/Users/thean/Downloads/Obsidian Files/Fall 2024/ENSC 252/Bonus Project/SegDecoder.vhd Line: 4
Info (12021): Found 2 design units, including 1 entities, in source file prescale.vhd
    Info (12022): Found design unit 1: PreScale-PreScaleLogic File: C:/Users/thean/Downloads/Obsidian Files/Fall 2024/ENSC 252/Bonus Project/PreScale.vhd Line: 17
    Info (12023): Found entity 1: PreScale File: C:/Users/thean/Downloads/Obsidian Files/Fall 2024/ENSC 252/Bonus Project/PreScale.vhd Line: 6
Info (12021): Found 2 design units, including 1 entities, in source file systemmap.vhd
    Info (12022): Found design unit 1: SystemMap-SystemMapLogic File: C:/Users/thean/Downloads/Obsidian Files/Fall 2024/ENSC 252/Bonus Project/SystemMap.vhd Line: 22
    Info (12023): Found entity 1: SystemMap File: C:/Users/thean/Downloads/Obsidian Files/Fall 2024/ENSC 252/Bonus Project/SystemMap.vhd Line: 5
Info (12021): Found 2 design units, including 1 entities, in source file statemanager.vhd
    Info (12022): Found design unit 1: StateManager-StateManagerLogic File: C:/Users/thean/Downloads/Obsidian Files/Fall 2024/ENSC 252/Bonus Project/StateManager.vhd Line: 42
    Info (12023): Found entity 1: StateManager File: C:/Users/thean/Downloads/Obsidian Files/Fall 2024/ENSC 252/Bonus Project/StateManager.vhd Line: 5
Info (12021): Found 2 design units, including 1 entities, in source file bittohex.vhd
    Info (12022): Found design unit 1: BitToHex-BitToHexLogic File: C:/Users/thean/Downloads/Obsidian Files/Fall 2024/ENSC 252/Bonus Project/BitToHex.vhd Line: 13
    Info (12023): Found entity 1: BitToHex File: C:/Users/thean/Downloads/Obsidian Files/Fall 2024/ENSC 252/Bonus Project/BitToHex.vhd Line: 5
Info (12021): Found 2 design units, including 1 entities, in source file fpdecoder.vhd
    Info (12022): Found design unit 1: FpDecoder-FpDecoderLogic File: C:/Users/thean/Downloads/Obsidian Files/Fall 2024/ENSC 252/Bonus Project/FpDecoder.vhd Line: 12
    Info (12023): Found entity 1: FpDecoder File: C:/Users/thean/Downloads/Obsidian Files/Fall 2024/ENSC 252/Bonus Project/FpDecoder.vhd Line: 4
Info (12021): Found 2 design units, including 1 entities, in source file output_files/signdecoder.vhd
    Info (12022): Found design unit 1: SignDecoder-SignDecoderLogic File: C:/Users/thean/Downloads/Obsidian Files/Fall 2024/ENSC 252/Bonus Project/output_files/SignDecoder.vhd Line: 11
    Info (12023): Found entity 1: SignDecoder File: C:/Users/thean/Downloads/Obsidian Files/Fall 2024/ENSC 252/Bonus Project/output_files/SignDecoder.vhd Line: 4
Info (12127): Elaborating entity "SystemMap" for the top level hierarchy
Warning (10873): Using initial value X (don't care) for net "LEDR[8..3]" at SystemMap.vhd(10) File: C:/Users/thean/Downloads/Obsidian Files/Fall 2024/ENSC 252/Bonus Project/SystemMap.vhd Line: 10
Info (12128): Elaborating entity "PreScale" for hierarchy "PreScale:PS" File: C:/Users/thean/Downloads/Obsidian Files/Fall 2024/ENSC 252/Bonus Project/SystemMap.vhd Line: 71
Info (12128): Elaborating entity "StateManager" for hierarchy "StateManager:SM" File: C:/Users/thean/Downloads/Obsidian Files/Fall 2024/ENSC 252/Bonus Project/SystemMap.vhd Line: 80
Warning (10492): VHDL Process Statement warning at StateManager.vhd(202): signal "y" is read inside the Process Statement but isn't in the Process Statement's sensitivity list File: C:/Users/thean/Downloads/Obsidian Files/Fall 2024/ENSC 252/Bonus Project/StateManager.vhd Line: 202
Warning (10492): VHDL Process Statement warning at StateManager.vhd(202): signal "reset" is read inside the Process Statement but isn't in the Process Statement's sensitivity list File: C:/Users/thean/Downloads/Obsidian Files/Fall 2024/ENSC 252/Bonus Project/StateManager.vhd Line: 202
Warning (10492): VHDL Process Statement warning at StateManager.vhd(216): signal "y" is read inside the Process Statement but isn't in the Process Statement's sensitivity list File: C:/Users/thean/Downloads/Obsidian Files/Fall 2024/ENSC 252/Bonus Project/StateManager.vhd Line: 216
Warning (10492): VHDL Process Statement warning at StateManager.vhd(223): signal "y" is read inside the Process Statement but isn't in the Process Statement's sensitivity list File: C:/Users/thean/Downloads/Obsidian Files/Fall 2024/ENSC 252/Bonus Project/StateManager.vhd Line: 223
Warning (10492): VHDL Process Statement warning at StateManager.vhd(230): signal "y" is read inside the Process Statement but isn't in the Process Statement's sensitivity list File: C:/Users/thean/Downloads/Obsidian Files/Fall 2024/ENSC 252/Bonus Project/StateManager.vhd Line: 230
Warning (10631): VHDL Process Statement warning at StateManager.vhd(200): inferring latch(es) for signal or variable "firstWhole", which holds its previous value in one or more paths through the process File: C:/Users/thean/Downloads/Obsidian Files/Fall 2024/ENSC 252/Bonus Project/StateManager.vhd Line: 200
Warning (10631): VHDL Process Statement warning at StateManager.vhd(200): inferring latch(es) for signal or variable "firstFloating", which holds its previous value in one or more paths through the process File: C:/Users/thean/Downloads/Obsidian Files/Fall 2024/ENSC 252/Bonus Project/StateManager.vhd Line: 200
Warning (10631): VHDL Process Statement warning at StateManager.vhd(200): inferring latch(es) for signal or variable "firstSign", which holds its previous value in one or more paths through the process File: C:/Users/thean/Downloads/Obsidian Files/Fall 2024/ENSC 252/Bonus Project/StateManager.vhd Line: 200
Warning (10631): VHDL Process Statement warning at StateManager.vhd(200): inferring latch(es) for signal or variable "secondWhole", which holds its previous value in one or more paths through the process File: C:/Users/thean/Downloads/Obsidian Files/Fall 2024/ENSC 252/Bonus Project/StateManager.vhd Line: 200
Warning (10631): VHDL Process Statement warning at StateManager.vhd(200): inferring latch(es) for signal or variable "secondFloating", which holds its previous value in one or more paths through the process File: C:/Users/thean/Downloads/Obsidian Files/Fall 2024/ENSC 252/Bonus Project/StateManager.vhd Line: 200
Warning (10631): VHDL Process Statement warning at StateManager.vhd(200): inferring latch(es) for signal or variable "secondSign", which holds its previous value in one or more paths through the process File: C:/Users/thean/Downloads/Obsidian Files/Fall 2024/ENSC 252/Bonus Project/StateManager.vhd Line: 200
Warning (10631): VHDL Process Statement warning at StateManager.vhd(200): inferring latch(es) for signal or variable "operation", which holds its previous value in one or more paths through the process File: C:/Users/thean/Downloads/Obsidian Files/Fall 2024/ENSC 252/Bonus Project/StateManager.vhd Line: 200
Warning (10492): VHDL Process Statement warning at StateManager.vhd(356): signal "s_seg0" is read inside the Process Statement but isn't in the Process Statement's sensitivity list File: C:/Users/thean/Downloads/Obsidian Files/Fall 2024/ENSC 252/Bonus Project/StateManager.vhd Line: 356
Warning (10492): VHDL Process Statement warning at StateManager.vhd(360): signal "fp_seg0" is read inside the Process Statement but isn't in the Process Statement's sensitivity list File: C:/Users/thean/Downloads/Obsidian Files/Fall 2024/ENSC 252/Bonus Project/StateManager.vhd Line: 360
Warning (10492): VHDL Process Statement warning at StateManager.vhd(361): signal "fp_seg1" is read inside the Process Statement but isn't in the Process Statement's sensitivity list File: C:/Users/thean/Downloads/Obsidian Files/Fall 2024/ENSC 252/Bonus Project/StateManager.vhd Line: 361
Info (10041): Inferred latch for "operation[0]" at StateManager.vhd(200) File: C:/Users/thean/Downloads/Obsidian Files/Fall 2024/ENSC 252/Bonus Project/StateManager.vhd Line: 200
Info (10041): Inferred latch for "operation[1]" at StateManager.vhd(200) File: C:/Users/thean/Downloads/Obsidian Files/Fall 2024/ENSC 252/Bonus Project/StateManager.vhd Line: 200
Info (10041): Inferred latch for "secondSign" at StateManager.vhd(200) File: C:/Users/thean/Downloads/Obsidian Files/Fall 2024/ENSC 252/Bonus Project/StateManager.vhd Line: 200
Info (10041): Inferred latch for "secondFloating[0]" at StateManager.vhd(200) File: C:/Users/thean/Downloads/Obsidian Files/Fall 2024/ENSC 252/Bonus Project/StateManager.vhd Line: 200
Info (10041): Inferred latch for "secondFloating[1]" at StateManager.vhd(200) File: C:/Users/thean/Downloads/Obsidian Files/Fall 2024/ENSC 252/Bonus Project/StateManager.vhd Line: 200
Info (10041): Inferred latch for "secondWhole[0]" at StateManager.vhd(200) File: C:/Users/thean/Downloads/Obsidian Files/Fall 2024/ENSC 252/Bonus Project/StateManager.vhd Line: 200
Info (10041): Inferred latch for "secondWhole[1]" at StateManager.vhd(200) File: C:/Users/thean/Downloads/Obsidian Files/Fall 2024/ENSC 252/Bonus Project/StateManager.vhd Line: 200
Info (10041): Inferred latch for "secondWhole[2]" at StateManager.vhd(200) File: C:/Users/thean/Downloads/Obsidian Files/Fall 2024/ENSC 252/Bonus Project/StateManager.vhd Line: 200
Info (10041): Inferred latch for "secondWhole[3]" at StateManager.vhd(200) File: C:/Users/thean/Downloads/Obsidian Files/Fall 2024/ENSC 252/Bonus Project/StateManager.vhd Line: 200
Info (10041): Inferred latch for "secondWhole[4]" at StateManager.vhd(200) File: C:/Users/thean/Downloads/Obsidian Files/Fall 2024/ENSC 252/Bonus Project/StateManager.vhd Line: 200
Info (10041): Inferred latch for "firstSign" at StateManager.vhd(200) File: C:/Users/thean/Downloads/Obsidian Files/Fall 2024/ENSC 252/Bonus Project/StateManager.vhd Line: 200
Info (10041): Inferred latch for "firstFloating[0]" at StateManager.vhd(200) File: C:/Users/thean/Downloads/Obsidian Files/Fall 2024/ENSC 252/Bonus Project/StateManager.vhd Line: 200
Info (10041): Inferred latch for "firstFloating[1]" at StateManager.vhd(200) File: C:/Users/thean/Downloads/Obsidian Files/Fall 2024/ENSC 252/Bonus Project/StateManager.vhd Line: 200
Info (10041): Inferred latch for "firstWhole[0]" at StateManager.vhd(200) File: C:/Users/thean/Downloads/Obsidian Files/Fall 2024/ENSC 252/Bonus Project/StateManager.vhd Line: 200
Info (10041): Inferred latch for "firstWhole[1]" at StateManager.vhd(200) File: C:/Users/thean/Downloads/Obsidian Files/Fall 2024/ENSC 252/Bonus Project/StateManager.vhd Line: 200
Info (10041): Inferred latch for "firstWhole[2]" at StateManager.vhd(200) File: C:/Users/thean/Downloads/Obsidian Files/Fall 2024/ENSC 252/Bonus Project/StateManager.vhd Line: 200
Info (10041): Inferred latch for "firstWhole[3]" at StateManager.vhd(200) File: C:/Users/thean/Downloads/Obsidian Files/Fall 2024/ENSC 252/Bonus Project/StateManager.vhd Line: 200
Info (10041): Inferred latch for "firstWhole[4]" at StateManager.vhd(200) File: C:/Users/thean/Downloads/Obsidian Files/Fall 2024/ENSC 252/Bonus Project/StateManager.vhd Line: 200
Info (12128): Elaborating entity "BitToHex" for hierarchy "StateManager:SM|BitToHex:BH" File: C:/Users/thean/Downloads/Obsidian Files/Fall 2024/ENSC 252/Bonus Project/StateManager.vhd Line: 122
Info (12128): Elaborating entity "SegDecoder" for hierarchy "StateManager:SM|BitToHex:BH|SegDecoder:SD1" File: C:/Users/thean/Downloads/Obsidian Files/Fall 2024/ENSC 252/Bonus Project/BitToHex.vhd Line: 24
Info (12128): Elaborating entity "OpDecoder" for hierarchy "StateManager:SM|OpDecoder:OP" File: C:/Users/thean/Downloads/Obsidian Files/Fall 2024/ENSC 252/Bonus Project/StateManager.vhd Line: 130
Info (12128): Elaborating entity "FpDecoder" for hierarchy "StateManager:SM|FpDecoder:FP" File: C:/Users/thean/Downloads/Obsidian Files/Fall 2024/ENSC 252/Bonus Project/StateManager.vhd Line: 138
Info (12128): Elaborating entity "SignDecoder" for hierarchy "StateManager:SM|SignDecoder:S" File: C:/Users/thean/Downloads/Obsidian Files/Fall 2024/ENSC 252/Bonus Project/StateManager.vhd Line: 145
Warning (13012): Latch StateManager:SM|secondFloating[0] has unsafe behavior File: C:/Users/thean/Downloads/Obsidian Files/Fall 2024/ENSC 252/Bonus Project/StateManager.vhd Line: 200
    Warning (13013): Ports D and ENA on the latch are fed by the same signal StateManager:SM|editEnabled File: C:/Users/thean/Downloads/Obsidian Files/Fall 2024/ENSC 252/Bonus Project/StateManager.vhd Line: 155
Warning (13012): Latch StateManager:SM|firstFloating[0] has unsafe behavior File: C:/Users/thean/Downloads/Obsidian Files/Fall 2024/ENSC 252/Bonus Project/StateManager.vhd Line: 200
    Warning (13013): Ports D and ENA on the latch are fed by the same signal StateManager:SM|editEnabled File: C:/Users/thean/Downloads/Obsidian Files/Fall 2024/ENSC 252/Bonus Project/StateManager.vhd Line: 155
Warning (13012): Latch StateManager:SM|operation[1] has unsafe behavior File: C:/Users/thean/Downloads/Obsidian Files/Fall 2024/ENSC 252/Bonus Project/StateManager.vhd Line: 200
    Warning (13013): Ports D and ENA on the latch are fed by the same signal StateManager:SM|editEnabled File: C:/Users/thean/Downloads/Obsidian Files/Fall 2024/ENSC 252/Bonus Project/StateManager.vhd Line: 155
Warning (13012): Latch StateManager:SM|operation[0] has unsafe behavior File: C:/Users/thean/Downloads/Obsidian Files/Fall 2024/ENSC 252/Bonus Project/StateManager.vhd Line: 200
    Warning (13013): Ports D and ENA on the latch are fed by the same signal StateManager:SM|editEnabled File: C:/Users/thean/Downloads/Obsidian Files/Fall 2024/ENSC 252/Bonus Project/StateManager.vhd Line: 155
Warning (13012): Latch StateManager:SM|secondFloating[1] has unsafe behavior File: C:/Users/thean/Downloads/Obsidian Files/Fall 2024/ENSC 252/Bonus Project/StateManager.vhd Line: 200
    Warning (13013): Ports D and ENA on the latch are fed by the same signal StateManager:SM|editEnabled File: C:/Users/thean/Downloads/Obsidian Files/Fall 2024/ENSC 252/Bonus Project/StateManager.vhd Line: 155
Warning (13012): Latch StateManager:SM|firstFloating[1] has unsafe behavior File: C:/Users/thean/Downloads/Obsidian Files/Fall 2024/ENSC 252/Bonus Project/StateManager.vhd Line: 200
    Warning (13013): Ports D and ENA on the latch are fed by the same signal StateManager:SM|editEnabled File: C:/Users/thean/Downloads/Obsidian Files/Fall 2024/ENSC 252/Bonus Project/StateManager.vhd Line: 155
Warning (13012): Latch StateManager:SM|secondWhole[0] has unsafe behavior File: C:/Users/thean/Downloads/Obsidian Files/Fall 2024/ENSC 252/Bonus Project/StateManager.vhd Line: 200
    Warning (13013): Ports D and ENA on the latch are fed by the same signal StateManager:SM|editEnabled File: C:/Users/thean/Downloads/Obsidian Files/Fall 2024/ENSC 252/Bonus Project/StateManager.vhd Line: 155
Warning (13012): Latch StateManager:SM|firstWhole[0] has unsafe behavior File: C:/Users/thean/Downloads/Obsidian Files/Fall 2024/ENSC 252/Bonus Project/StateManager.vhd Line: 200
    Warning (13013): Ports D and ENA on the latch are fed by the same signal StateManager:SM|editEnabled File: C:/Users/thean/Downloads/Obsidian Files/Fall 2024/ENSC 252/Bonus Project/StateManager.vhd Line: 155
Warning (13012): Latch StateManager:SM|secondWhole[1] has unsafe behavior File: C:/Users/thean/Downloads/Obsidian Files/Fall 2024/ENSC 252/Bonus Project/StateManager.vhd Line: 200
    Warning (13013): Ports D and ENA on the latch are fed by the same signal StateManager:SM|editEnabled File: C:/Users/thean/Downloads/Obsidian Files/Fall 2024/ENSC 252/Bonus Project/StateManager.vhd Line: 155
Warning (13012): Latch StateManager:SM|firstWhole[1] has unsafe behavior File: C:/Users/thean/Downloads/Obsidian Files/Fall 2024/ENSC 252/Bonus Project/StateManager.vhd Line: 200
    Warning (13013): Ports D and ENA on the latch are fed by the same signal StateManager:SM|editEnabled File: C:/Users/thean/Downloads/Obsidian Files/Fall 2024/ENSC 252/Bonus Project/StateManager.vhd Line: 155
Warning (13012): Latch StateManager:SM|secondWhole[2] has unsafe behavior File: C:/Users/thean/Downloads/Obsidian Files/Fall 2024/ENSC 252/Bonus Project/StateManager.vhd Line: 200
    Warning (13013): Ports D and ENA on the latch are fed by the same signal StateManager:SM|editEnabled File: C:/Users/thean/Downloads/Obsidian Files/Fall 2024/ENSC 252/Bonus Project/StateManager.vhd Line: 155
Warning (13012): Latch StateManager:SM|firstWhole[2] has unsafe behavior File: C:/Users/thean/Downloads/Obsidian Files/Fall 2024/ENSC 252/Bonus Project/StateManager.vhd Line: 200
    Warning (13013): Ports D and ENA on the latch are fed by the same signal StateManager:SM|editEnabled File: C:/Users/thean/Downloads/Obsidian Files/Fall 2024/ENSC 252/Bonus Project/StateManager.vhd Line: 155
Warning (13012): Latch StateManager:SM|secondWhole[3] has unsafe behavior File: C:/Users/thean/Downloads/Obsidian Files/Fall 2024/ENSC 252/Bonus Project/StateManager.vhd Line: 200
    Warning (13013): Ports D and ENA on the latch are fed by the same signal StateManager:SM|editEnabled File: C:/Users/thean/Downloads/Obsidian Files/Fall 2024/ENSC 252/Bonus Project/StateManager.vhd Line: 155
Warning (13012): Latch StateManager:SM|firstWhole[3] has unsafe behavior File: C:/Users/thean/Downloads/Obsidian Files/Fall 2024/ENSC 252/Bonus Project/StateManager.vhd Line: 200
    Warning (13013): Ports D and ENA on the latch are fed by the same signal StateManager:SM|editEnabled File: C:/Users/thean/Downloads/Obsidian Files/Fall 2024/ENSC 252/Bonus Project/StateManager.vhd Line: 155
Warning (13012): Latch StateManager:SM|secondWhole[4] has unsafe behavior File: C:/Users/thean/Downloads/Obsidian Files/Fall 2024/ENSC 252/Bonus Project/StateManager.vhd Line: 200
    Warning (13013): Ports D and ENA on the latch are fed by the same signal StateManager:SM|editEnabled File: C:/Users/thean/Downloads/Obsidian Files/Fall 2024/ENSC 252/Bonus Project/StateManager.vhd Line: 155
Warning (13012): Latch StateManager:SM|firstWhole[4] has unsafe behavior File: C:/Users/thean/Downloads/Obsidian Files/Fall 2024/ENSC 252/Bonus Project/StateManager.vhd Line: 200
    Warning (13013): Ports D and ENA on the latch are fed by the same signal StateManager:SM|editEnabled File: C:/Users/thean/Downloads/Obsidian Files/Fall 2024/ENSC 252/Bonus Project/StateManager.vhd Line: 155
Warning (13012): Latch StateManager:SM|secondSign has unsafe behavior File: C:/Users/thean/Downloads/Obsidian Files/Fall 2024/ENSC 252/Bonus Project/StateManager.vhd Line: 67
    Warning (13013): Ports D and ENA on the latch are fed by the same signal StateManager:SM|editEnabled File: C:/Users/thean/Downloads/Obsidian Files/Fall 2024/ENSC 252/Bonus Project/StateManager.vhd Line: 155
Warning (13012): Latch StateManager:SM|firstSign has unsafe behavior File: C:/Users/thean/Downloads/Obsidian Files/Fall 2024/ENSC 252/Bonus Project/StateManager.vhd Line: 63
    Warning (13013): Ports D and ENA on the latch are fed by the same signal StateManager:SM|editEnabled File: C:/Users/thean/Downloads/Obsidian Files/Fall 2024/ENSC 252/Bonus Project/StateManager.vhd Line: 155
Warning (13024): Output pins are stuck at VCC or GND
    Warning (13410): Pin "LEDR[3]" is stuck at GND File: C:/Users/thean/Downloads/Obsidian Files/Fall 2024/ENSC 252/Bonus Project/SystemMap.vhd Line: 10
    Warning (13410): Pin "LEDR[4]" is stuck at GND File: C:/Users/thean/Downloads/Obsidian Files/Fall 2024/ENSC 252/Bonus Project/SystemMap.vhd Line: 10
    Warning (13410): Pin "LEDR[5]" is stuck at GND File: C:/Users/thean/Downloads/Obsidian Files/Fall 2024/ENSC 252/Bonus Project/SystemMap.vhd Line: 10
    Warning (13410): Pin "LEDR[6]" is stuck at GND File: C:/Users/thean/Downloads/Obsidian Files/Fall 2024/ENSC 252/Bonus Project/SystemMap.vhd Line: 10
    Warning (13410): Pin "LEDR[7]" is stuck at GND File: C:/Users/thean/Downloads/Obsidian Files/Fall 2024/ENSC 252/Bonus Project/SystemMap.vhd Line: 10
    Warning (13410): Pin "LEDR[8]" is stuck at GND File: C:/Users/thean/Downloads/Obsidian Files/Fall 2024/ENSC 252/Bonus Project/SystemMap.vhd Line: 10
    Warning (13410): Pin "HEX2[0]" is stuck at VCC File: C:/Users/thean/Downloads/Obsidian Files/Fall 2024/ENSC 252/Bonus Project/SystemMap.vhd Line: 13
    Warning (13410): Pin "HEX2[5]" is stuck at VCC File: C:/Users/thean/Downloads/Obsidian Files/Fall 2024/ENSC 252/Bonus Project/SystemMap.vhd Line: 13
    Warning (13410): Pin "HEX4[6]" is stuck at VCC File: C:/Users/thean/Downloads/Obsidian Files/Fall 2024/ENSC 252/Bonus Project/SystemMap.vhd Line: 15
    Warning (13410): Pin "HEX5[0]" is stuck at VCC File: C:/Users/thean/Downloads/Obsidian Files/Fall 2024/ENSC 252/Bonus Project/SystemMap.vhd Line: 16
    Warning (13410): Pin "HEX5[1]" is stuck at VCC File: C:/Users/thean/Downloads/Obsidian Files/Fall 2024/ENSC 252/Bonus Project/SystemMap.vhd Line: 16
    Warning (13410): Pin "HEX5[2]" is stuck at VCC File: C:/Users/thean/Downloads/Obsidian Files/Fall 2024/ENSC 252/Bonus Project/SystemMap.vhd Line: 16
    Warning (13410): Pin "HEX5[3]" is stuck at VCC File: C:/Users/thean/Downloads/Obsidian Files/Fall 2024/ENSC 252/Bonus Project/SystemMap.vhd Line: 16
    Warning (13410): Pin "HEX5[4]" is stuck at VCC File: C:/Users/thean/Downloads/Obsidian Files/Fall 2024/ENSC 252/Bonus Project/SystemMap.vhd Line: 16
    Warning (13410): Pin "HEX5[5]" is stuck at VCC File: C:/Users/thean/Downloads/Obsidian Files/Fall 2024/ENSC 252/Bonus Project/SystemMap.vhd Line: 16
Info (286030): Timing-Driven Synthesis is running
Warning (20013): Ignored 24 assignments for entity "DE10_Standard" -- entity does not exist in design
    Warning (20014): Assignment for entity set_instance_assignment -name PARTITION_HIERARCHY root_partition -to | -entity DE10_Standard -section_id Top was ignored
    Warning (20014): Assignment for entity set_global_assignment -name PARTITION_NETLIST_TYPE SOURCE -entity DE10_Standard -section_id Top was ignored
    Warning (20014): Assignment for entity set_global_assignment -name PARTITION_FITTER_PRESERVATION_LEVEL PLACEMENT_AND_ROUTING -entity DE10_Standard -section_id Top was ignored
    Warning (20014): Assignment for entity set_global_assignment -name PARTITION_PRESERVE_HIGH_SPEED_TILES ON -entity DE10_Standard -section_id Top was ignored
    Warning (20014): Assignment for entity set_global_assignment -name PARTITION_IGNORE_SOURCE_FILE_CHANGES OFF -entity DE10_Standard -section_id Top was ignored
    Warning (20014): Assignment for entity set_global_assignment -name PARTITION_ALWAYS_USE_QXP_NETLIST OFF -entity DE10_Standard -section_id Top was ignored
    Warning (20014): Assignment for entity set_global_assignment -name PARTITION_COLOR 16764057 -entity DE10_Standard -section_id Top was ignored
    Warning (20014): Assignment for entity set_global_assignment -name PARTITION_IMPORT_ASSIGNMENTS ON -entity DE10_Standard -section_id Top was ignored
    Warning (20014): Assignment for entity set_global_assignment -name PARTITION_IMPORT_EXISTING_ASSIGNMENTS REPLACE_CONFLICTING -entity DE10_Standard -section_id Top was ignored
    Warning (20014): Assignment for entity set_global_assignment -name PARTITION_IMPORT_EXISTING_LOGICLOCK_REGIONS UPDATE_CONFLICTING -entity DE10_Standard -section_id Top was ignored
    Warning (20014): Assignment for entity set_global_assignment -name PARTITION_IMPORT_PIN_ASSIGNMENTS ON -entity DE10_Standard -section_id Top was ignored
    Warning (20014): Assignment for entity set_global_assignment -name PARTITION_IMPORT_PROMOTE_ASSIGNMENTS ON -entity DE10_Standard -section_id Top was ignored
    Warning (20014): Assignment for entity set_global_assignment -name PARTITION_TYPE STANDARD_PARTITION -entity DE10_Standard -section_id Top was ignored
    Warning (20014): Assignment for entity set_global_assignment -name ALLOW_MULTIPLE_PERSONAS OFF -entity DE10_Standard -section_id Top was ignored
    Warning (20014): Assignment for entity set_global_assignment -name PARTITION_ASD_REGION_ID 1 -entity DE10_Standard -section_id Top was ignored
    Warning (20014): Assignment for entity set_global_assignment -name CROSS_BOUNDARY_OPTIMIZATIONS OFF -entity DE10_Standard -section_id Top was ignored
    Warning (20014): Assignment for entity set_global_assignment -name PROPAGATE_CONSTANTS_ON_INPUTS ON -entity DE10_Standard -section_id Top was ignored
    Warning (20014): Assignment for entity set_global_assignment -name PROPAGATE_INVERSIONS_ON_INPUTS ON -entity DE10_Standard -section_id Top was ignored
    Warning (20014): Assignment for entity set_global_assignment -name REMOVE_LOGIC_ON_UNCONNECTED_OUTPUTS ON -entity DE10_Standard -section_id Top was ignored
    Warning (20014): Assignment for entity set_global_assignment -name MERGE_EQUIVALENT_INPUTS ON -entity DE10_Standard -section_id Top was ignored
    Warning (20014): Assignment for entity set_global_assignment -name MERGE_EQUIVALENT_BIDIRS ON -entity DE10_Standard -section_id Top was ignored
    Warning (20014): Assignment for entity set_global_assignment -name ABSORB_PATHS_FROM_OUTPUTS_TO_INPUTS ON -entity DE10_Standard -section_id Top was ignored
    Warning (20014): Assignment for entity set_global_assignment -name PARTITION_EXTRACT_HARD_BLOCK_NODES ON -entity DE10_Standard -section_id Top was ignored
    Warning (20014): Assignment for entity set_global_assignment -name PARTITION_ENABLE_STRICT_PRESERVATION OFF -entity DE10_Standard -section_id Top was ignored
Warning (20013): Ignored 24 assignments for entity "de10" -- entity does not exist in design
    Warning (20014): Assignment for entity set_instance_assignment -name PARTITION_HIERARCHY root_partition -to | -entity de10 -section_id Top was ignored
    Warning (20014): Assignment for entity set_global_assignment -name PARTITION_NETLIST_TYPE SOURCE -entity de10 -section_id Top was ignored
    Warning (20014): Assignment for entity set_global_assignment -name PARTITION_FITTER_PRESERVATION_LEVEL PLACEMENT_AND_ROUTING -entity de10 -section_id Top was ignored
    Warning (20014): Assignment for entity set_global_assignment -name PARTITION_PRESERVE_HIGH_SPEED_TILES ON -entity de10 -section_id Top was ignored
    Warning (20014): Assignment for entity set_global_assignment -name PARTITION_IGNORE_SOURCE_FILE_CHANGES OFF -entity de10 -section_id Top was ignored
    Warning (20014): Assignment for entity set_global_assignment -name PARTITION_ALWAYS_USE_QXP_NETLIST OFF -entity de10 -section_id Top was ignored
    Warning (20014): Assignment for entity set_global_assignment -name PARTITION_COLOR 16764057 -entity de10 -section_id Top was ignored
    Warning (20014): Assignment for entity set_global_assignment -name PARTITION_IMPORT_ASSIGNMENTS ON -entity de10 -section_id Top was ignored
    Warning (20014): Assignment for entity set_global_assignment -name PARTITION_IMPORT_EXISTING_ASSIGNMENTS REPLACE_CONFLICTING -entity de10 -section_id Top was ignored
    Warning (20014): Assignment for entity set_global_assignment -name PARTITION_IMPORT_EXISTING_LOGICLOCK_REGIONS UPDATE_CONFLICTING -entity de10 -section_id Top was ignored
    Warning (20014): Assignment for entity set_global_assignment -name PARTITION_IMPORT_PIN_ASSIGNMENTS ON -entity de10 -section_id Top was ignored
    Warning (20014): Assignment for entity set_global_assignment -name PARTITION_IMPORT_PROMOTE_ASSIGNMENTS ON -entity de10 -section_id Top was ignored
    Warning (20014): Assignment for entity set_global_assignment -name PARTITION_TYPE STANDARD_PARTITION -entity de10 -section_id Top was ignored
    Warning (20014): Assignment for entity set_global_assignment -name ALLOW_MULTIPLE_PERSONAS OFF -entity de10 -section_id Top was ignored
    Warning (20014): Assignment for entity set_global_assignment -name PARTITION_ASD_REGION_ID 1 -entity de10 -section_id Top was ignored
    Warning (20014): Assignment for entity set_global_assignment -name CROSS_BOUNDARY_OPTIMIZATIONS OFF -entity de10 -section_id Top was ignored
    Warning (20014): Assignment for entity set_global_assignment -name PROPAGATE_CONSTANTS_ON_INPUTS ON -entity de10 -section_id Top was ignored
    Warning (20014): Assignment for entity set_global_assignment -name PROPAGATE_INVERSIONS_ON_INPUTS ON -entity de10 -section_id Top was ignored
    Warning (20014): Assignment for entity set_global_assignment -name REMOVE_LOGIC_ON_UNCONNECTED_OUTPUTS ON -entity de10 -section_id Top was ignored
    Warning (20014): Assignment for entity set_global_assignment -name MERGE_EQUIVALENT_INPUTS ON -entity de10 -section_id Top was ignored
    Warning (20014): Assignment for entity set_global_assignment -name MERGE_EQUIVALENT_BIDIRS ON -entity de10 -section_id Top was ignored
    Warning (20014): Assignment for entity set_global_assignment -name ABSORB_PATHS_FROM_OUTPUTS_TO_INPUTS ON -entity de10 -section_id Top was ignored
    Warning (20014): Assignment for entity set_global_assignment -name PARTITION_EXTRACT_HARD_BLOCK_NODES ON -entity de10 -section_id Top was ignored
    Warning (20014): Assignment for entity set_global_assignment -name PARTITION_ENABLE_STRICT_PRESERVATION OFF -entity de10 -section_id Top was ignored
Info (16010): Generating hard_block partition "hard_block:auto_generated_inst"
    Info (16011): Adding 0 node(s), including 0 DDIO, 0 PLL, 0 transceiver and 0 LCELL
Warning (21074): Design contains 2 input pin(s) that do not drive logic
    Warning (15610): No output dependent on input pin "SW[8]" File: C:/Users/thean/Downloads/Obsidian Files/Fall 2024/ENSC 252/Bonus Project/SystemMap.vhd Line: 8
    Warning (15610): No output dependent on input pin "SW[9]" File: C:/Users/thean/Downloads/Obsidian Files/Fall 2024/ENSC 252/Bonus Project/SystemMap.vhd Line: 8
Info (21057): Implemented 186 device resources after synthesis - the final resource count might be different
    Info (21058): Implemented 15 input pins
    Info (21059): Implemented 52 output pins
    Info (21061): Implemented 119 logic cells
Info: Quartus Prime Analysis & Synthesis was successful. 0 errors, 122 warnings
    Info: Peak virtual memory: 4911 megabytes
    Info: Processing ended: Fri Dec  6 00:37:56 2024
    Info: Elapsed time: 00:00:07
    Info: Total CPU time (on all processors): 00:00:08


